// Jest Snapshot v1, https://goo.gl/fbAQLP

exports[`<Component /> Basic component tests snapshot matches 1`] = `
<div>
  foo
</div>
`;
